joelxyz - 2019-03-18 23h10m17s - Probando nuevo DLC
msxshots - 2019-03-15 00h03m59s - CSGO   FACEIT  Follow  msxshots 
msxshots - 2019-04-09 20h42m23s - Games and Stuff  discord msxshots 
ec0nica - 2019-04-08 19h39m55s - gods dont bleed  SLIVER
waveum - 2019-03-14 20h44m41s - Competitive Scrims  Update Poggers - Giveaway
cyanoodle - 2019-04-03 09h06m22s - The Apex Legend
ec0nica - 2019-03-17 00h01m02s - 21212121
zijuu - 2019-04-06 11h44m31s - ranked _ twitch jungle otp 
passionite - 2019-03-14 00h01m00s - 24 hour butt stuff stream
lordnm - 2019-04-07 10h58m34s - poopity scoop poop i love stretched  CODE Lord 
cyanoodle - 2019-04-09 11h25m58s - The Apex Legend
xdustee - 2019-03-19 17h18m32s - A ESEA Grinding for Rank G  Krypteia
nzer0name - 2019-04-08 10h39m29s - The show must go on
heartbreaker_tv - 2019-03-20 19h37m32s - Some CSGO - Apex Short stream - 5575 Sub Goal
frownnn - 2019-04-09 02h05m12s - Az 10  mans
andrewemory1997 - 2019-03-12 23h06m09s - E-boy playing Apex.Ws ONLY
cyanoodle - 2019-04-06 09h22m14s - The Apex Legend
tenz - 2019-03-29 02h55m50s - NA FPL  IN MDL FINALS DDD
lordnm - 2019-03-30 00h03m29s - WE BROKE 200 SUPPORTERS  CODE Lord 
cyanoodle - 2019-03-25 00h23m30s - The Apex Legend
ironman_ts - 2019-03-13 03h10m15s - Lets get it boys ironmancsgo
humbabeast - 2019-04-01 01h14m26s - let me know how bad i am 
aesthetic1g - 2019-04-05 15h45m46s - pug
xdustee - 2019-03-12 17h05m46s - a esea level 10 faceit lets see how hard it is to get global
landmaz - 2019-04-09 17h36m39s - Late Night BoolPlayer for Holo eSports landmaz2010
tenz - 2019-03-23 07h34m45s - woke up early so playing MM or other games
zijuu - 2019-04-05 00h21m33s - .... lmfao  Sub Button 3 Prime sub me D
vzohhck - 2019-03-12 18h33m24s - TRYING TO LEARN THIS GAME 
jmoh - 2019-04-04 15h42m33s - Rank G EX MDL GODMOHS WYA
ec0nica - 2019-03-20 19h36m50s - New Things  commands in bio - sliver.tv
waveum - 2019-04-06 00h20m53s - ESEA Main Player - 10 Mans  Giveaway
drhippo - 2019-03-29 13h38m48s - ENG Exotic Grinding
tenz - 2019-03-24 00h00m38s - FPL TenZera playing with new settings xD
mala - 2019-03-21 20h15m05s - APEXPro League Matches for 25K Qualifier  -- Twitter MalasMind 
humbabeast - 2019-04-05 00h20m40s - do u boo
slight___ - 2019-03-18 00h21m05s - 10 mans and bangers
deejayfu - 2019-03-25 00h07m15s - Sunday FUnday  DeeJayFu
aesthetic1g - 2019-04-03 21h51m13s - changed sens now i can 1 tap
1sparx - 2019-03-30 00h25m25s - BIE BEANIE. HIGH SENS IS BACK  uhhhsparx  1 Text to Speech 
goofplays - 2019-03-22 21h40m39s - Goof sucks toes while hitting absolute yeets
wholewheatpete - 2019-03-23 11h48m18s - AIRPORT  CONTENT.  who is Ice Poseidon
1sparx - 2019-03-12 23h52m20s - cs grind pt.1  uhhhsparx  1 Text to Speech 
mad3sto - 2019-04-06 17h52m03s - Stream is Fixed Pog -- NEW FFZ EMOTES --
ec0nica - 2019-03-27 00h09m07s - lets just say im a big dreamer  commands in bio - SLIVER
mala - 2019-03-22 00h11m05s - Open Playoffs BO3 what game is this   -- Twitter MalasMind 
cajiky - 2019-03-13 15h45m59s - L0ner  I Tarkov and PUGZ b4 scirmzz  cajiky on socials
slight___ - 2019-03-13 19h54m58s - whos this kid
aesthetic1g - 2019-04-04 00h55m50s - apex
cyanoodle - 2019-03-19 00h02m46s - The Apex Legend
msxshots - 2019-03-25 21h28m24s - Long day playing some games  discord msxshots 
cyanoodle - 2019-03-23 15h52m22s - The Apex Legend
aesthetic1g - 2019-03-16 20h48m57s - chillin
nzer0name - 2019-03-15 11h39m33s - The show must go on
cjxy - 2019-03-20 17h33m44s - fresh out the cell block w cj
deejayfu - 2019-04-03 00h09m50s - New GLASSES o_0
passionite - 2019-03-20 00h05m33s - esea girl gaymer
abcdroid - 2019-03-20 00h10m24s - Just Trying To Turn a Hobby to a Full Time Job giveaway  Twitter DroidCOD
nzer0name - 2019-03-22 11h07m41s - The show must go on
mad3sto - 2019-03-14 19h36m00s - MaTcHmAkInG
waveum - 2019-04-01 20h21m12s - Open Playoffs Round 5  Giveaway
cyanoodle - 2019-03-26 21h48m21s - The Apex Legend
bighurtz - 2019-03-15 21h26m37s - Mortal Kombat 11  Stress Test
austingw - 2019-04-08 19h45m53s - Apex pro here
itrxgic - 2019-04-03 00h29m12s - Smoking the 666  Come join
zijuu - 2019-03-26 00h01m11s - 7-1 placed bronze 1 73lp lol  Sub Button 3 
abcdroid - 2019-04-02 00h19m16s - Just Trying To Turn a Hobby to a Full Time Job giveaway  Twitter DroidCOD
andrewemory1997 - 2019-03-16 21h09m53s - A ESEA grindpuggin
passionite - 2019-04-03 00h05m03s - last stream before cruise
passionite - 2019-04-02 20h29m28s - egirl does squats for subsdonos
1sparx - 2019-04-09 00h05m23s - surfdmpugs   uhhhsparx  1 Text to Speech 
1sparx - 2019-03-14 19h21m59s - cs grind pt.2  uhhhsparx  1 Text to Speech 
xirttv - 2019-03-24 20h04m48s - IM Playoffs Nuke  Cache  Mirage XirtTv
ec0nica - 2019-04-07 00h08m18s - no more braces POG  SLIVER
zijuu - 2019-04-08 04h05m09s - lol zijuuQ
aesthetic1g - 2019-03-26 19h53m18s - Getting better 
heartbreaker_tv - 2019-03-14 19h20m54s - Apex - Casting - 5160 Sub Goal
iserac - 2019-03-20 00h17m35s - 5 Que in MM
tylerstv - 2019-03-18 23h24m03s - ESEA Pugs  Come watch me get mad 
br3ac - 2019-03-14 20h46m21s - retaking that site follow
drhippo - 2019-04-06 00h06m08s - ENG World Tier 5 day
snoob_ - 2019-04-05 00h51m47s - jozu is backkk
lazy_bum_ - 2019-03-16 19h57m33s - Overwatching
aesthetic1g - 2019-03-12 03h28m52s - cant sleeep
1sparx - 2019-04-08 00h03m40s - surfdmpugs   uhhhsparx  1 Text to Speech 
aesthetic1g - 2019-03-31 23h53m36s - HI
nzer0name - 2019-04-04 15h13m32s - The show must go on
zealyth_ - 2019-03-22 01h39m51s - Im bad at this game how do I get better  Zealyth
passionite - 2019-03-17 12h19m28s - kiss me even though im not irish
itrxgic - 2019-04-07 21h23m45s - New Mouse Grind time
jmoh - 2019-03-16 00h01m25s - Rank G EX MDL HALOCE CAMPAIGN ON LEGENDARY
nopecsnosekx - 2019-03-30 15h05m07s - Afternoon Pugs
xdustee - 2019-03-29 01h43m44s - Coming back to apex  Krypteia
mala - 2019-03-26 00h05m44s - apex player gone cs  -- Twitter MalasMind 
xdustee - 2019-03-15 02h30m20s - drinkypoos cant sleep zzzz
austingw - 2019-03-29 20h01m10s - Scrimz
xdustee - 2019-04-09 02h59m17s - shaved my head D  mythic gold league   Krypteia
humbabeast - 2019-03-29 03h39m44s - testing
msxshots - 2019-03-17 20h27m20s - The Division2 getting to 30  Follow  msxshots 
itrxgic - 2019-04-09 21h36m08s - Champion arena grind  Come Join  Chill
nzer0name - 2019-03-14 11h32m33s - The show must go on
tenz - 2019-04-05 20h30m24s - playing some games  have a cough 
zealyth_ - 2019-04-01 19h50m35s - Hsel Game Zealyth
itrxgic - 2019-04-04 00h14m37s - Gang gang im high
zealyth_ - 2019-04-05 19h06m38s - Decay hurts so lets climb  Zealyth
abcdroid - 2019-04-01 23h36m09s - Just Trying To Turn a Hobby to a Full Time Job giveaway  Twitter DroidCOD
1perkyomg - 2019-03-29 17h39m10s - DM  ESEA A  Mythic  Pugs 
lordnm - 2019-03-23 00h52m48s - 1v1ing a fucking bot CODE Lord 
1sparx - 2019-03-26 15h22m10s -  A GRIND cs grind pt.7  uhhhsparx  1 Text to Speech 
ec0nica - 2019-04-02 00h20m08s - winners being selected at 3pm PST  SLIVER
aesthetic1g - 2019-04-09 00h22m39s - APEX LEGENDDDDD
heartbreaker_tv - 2019-03-29 19h36m48s - I miss you guys - 5275 Sub Goal
amnesia_cs - 2019-04-08 00h13m50s - Playing VR Games w Heart Rate Monitor
landmaz - 2019-04-08 00h04m14s - Late Night BoolPlayer for Holo eSports landmaz2010
imskizzy - 2019-03-21 17h11m32s - SkiZzy  Sennheiser Affiliate  You are witnessing a master at work
lumaaz - 2019-03-17 14h39m29s - LumAz-  PUGS Ecuatorianos 
fadedabeast - 2019-04-08 00h06m57s - GIVEAWAY AT 100 FOLLOWERS
passionite - 2019-03-13 19h22m36s - banned on tinder finding the loml through twitch now 
lumaaz - 2019-03-18 11h58m55s - LumAz-  PUGS Ecuatorianos 
codsky - 2019-03-29 14h18m48s - Im not very creative
cjxy - 2019-03-31 22h42m48s - fresh out the cell block w cj
lumaaz - 2019-03-27 00h05m48s - LumAz- ESEA PUGS VENECU
deejayfu - 2019-03-19 00h16m01s - I survived my birthday week
humbabeast - 2019-04-03 04h42m11s - 
msxshots - 2019-04-03 00h01m12s -  Games and Stuff  discord msxshots 
intry - 2019-03-19 15h40m31s - Rainy Day
professorbeetus - 2019-03-14 00h35m57s - when youre so bored that minecraft is fun
joelxyz - 2019-03-22 22h20m17s - Esea 
landmaz - 2019-03-13 20h37m53s - 1000 STRONG ESPORTS APEX LEGENDS TOURNAMENT GAMERZARENAPlayer for Holo eSports landmaz2010
xdustee - 2019-03-30 19h56m04s - deranked from a again  Krypteia
ec0nica - 2019-04-05 14h35m02s - decisions  SLIVER
austingw - 2019-04-04 20h39m04s - Im here to entertain
fadedabeast - 2019-04-07 23h45m49s - GIVEAWAY AT 100 FOLLOWERS
ec0nica - 2019-03-29 01h35m48s - bankai  SLIVER
deejayfu - 2019-04-02 00h17m30s - Mondays arent so bad
ec0nica - 2019-03-22 00h01m30s - please dont crash today  commands in bio - sliver.tv star
xdustee - 2019-04-01 00h14m40s - what is this game  rip nipsey  Krypteia
msxshots - 2019-03-13 00h03m15s - CSGO   FACEIT  Follow  msxshots 
1sparx - 2019-03-21 00h50m40s - cs grind pt.4  uhhhsparx  1 Text to Speech 
intry - 2019-03-23 21h43m45s - Faceit lvl 10  Mythic Gold D
waveum - 2019-04-05 20h23m35s - ESEA Main Player - Pugs  Giveaway
mfxolddie - 2019-04-05 18h06m30s - new game is this the one
tyler_a_lot - 2019-03-31 00h30m40s - The stream where you dont no what streaming is
meagan - 2019-03-16 15h02m20s -  Coffee  WQ    Holy Paladin 400 snapchat
zealyth_ - 2019-03-25 00h16m10s - Chill Games  Zealyth
antyy_ - 2019-03-14 23h47m17s - dropping a million kills
frownnn - 2019-04-07 01h26m01s - Az 10  mans
ec0nica - 2019-04-06 00h12m39s - decisions  SLIVER
ec0nica - 2019-03-25 00h07m15s - New Revamp  commands in bio - SLIVER
suplexfps - 2019-03-21 04h05m12s - coolin  SuplexFPS
nzer0name - 2019-04-03 17h14m31s - The show must go on
drhippo - 2019-03-23 17h17m28s - ENG Spring A Chase
heartbreaker_tv - 2019-03-18 17h49m10s - ECS S7 coL vs. Bad News Bears - 5975 Sub Goal
ec0nica - 2019-03-23 22h12m59s - replacement mouse  prom is today lol  commands in bio - SLIVER
heartbreaker_tv - 2019-03-16 20h58m14s - Mountain Dew League Bad News Bears vs. OGC - 5560 Sub Goal
heartbreaker_tv - 2019-03-25 19h17m08s - I CAN SEE - 5575 Sub Goal
wholewheatpete - 2019-03-30 16h14m15s - discord  HUGE GIVEAWAY STREAM  ANIME SOUL  CUTE CHAT AYAYA
royl_ty - 2019-03-17 16h23m32s - Return Stream NO MIC Royl On Socials
codsky - 2019-04-06 00h20m39s - What is pug
phightme - 2019-03-21 17h48m28s - First time doing Majoras Mask Randomizer
mad3sto - 2019-03-24 19h54m29s - Matchmaking Sux
intry - 2019-03-29 18h36m19s - Getting Better
codsky - 2019-03-21 15h47m52s - Im not very creative
heartbreaker_tv - 2019-03-30 14h37m40s - Chest workout - 5275 Sub Goal
lordnm - 2019-03-25 14h39m54s - i havent touched siege in half a year  CODE Lord 
xirttv - 2019-03-20 20h47m28s - IM Playoffs Train  Cache  Inferno XirtTv
trimbibs - 2019-03-15 14h21m29s - not another apex stream SHUT UP LETS GO
abcdroid - 2019-03-29 23h02m43s - Just Trying To Turn a Hobby to a Full Time Job giveaway  Twitter DroidCOD
xdustee - 2019-04-02 23h54m13s - shaved my head D  mythic gold league   Krypteia
fadedabeast - 2019-03-21 00h01m01s - GIVEAWAY AT 100 FOLLOWERS
mfxolddie - 2019-04-01 00h02m43s - new game is this the one
zijuu - 2019-03-22 16h31m19s - karthuskog jg to plat on alt  road to affiliate 
ec0nica - 2019-04-03 00h10m39s - bangarang  SLIVER
cyanoodle - 2019-03-20 09h11m07s - The Apex Legend
iserac - 2019-03-19 23h45m37s - 5 Que in MM
wholewheatpete - 2019-03-13 10h28m59s - tts  College Wildlife  Volume II
vzohhck - 2019-04-09 18h40m17s - WINGMAN with one big beaver 
goofplays - 2019-04-02 22h26m27s - DABBING IT UP ON THE PUGS TOE GANG
1perkyomg - 2019-04-09 18h00m28s - Grinding back to Mythic GoldESEA pugs
waveum - 2019-03-13 00h03m54s - ESEA Scrims in a robe - Giveaway
waveum - 2019-03-29 02h32m40s - Main Player  10 Mans - Giveaway
lordnm - 2019-03-15 12h21m11s - doubt kills more dreams than failure ever will  Code Lord 
abcdroid - 2019-04-06 04h15m25s - Just Trying To Turn a Hobby to a Full Time Job giveaway  Twitter DroidCOD
lumaaz - 2019-03-23 20h04m51s - LumAz- ESEA PUGS VENECU
slight___ - 2019-03-17 23h54m54s - 10 mans and bangers
slight___ - 2019-03-21 17h23m09s - ESEA is where dreams are crushed
deejayfu - 2019-04-08 22h52m49s - YEEEET TO MY WHEAT
tyler_a_lot - 2019-04-03 10h24m59s - Another IRL stream
cajiky - 2019-03-29 19h09m11s - Mythic Cup Quali  TeamID  Coachsubcheerleader caJ-  60s delay
mike_qq - 2019-03-16 20h45m22s - rockin and rollin
andrewemory1997 - 2019-03-13 00h14m20s - puggin-
lordnm - 2019-03-20 12h22m42s - Gauntlet solos 0 points  CODE Lord 
cjxy - 2019-03-18 16h15m50s - fresh out the cell block w cj
msxshots - 2019-04-02 21h05m33s - CSGO Games and Stuff  discord msxshots 
tylerstv - 2019-03-19 00h00m39s - ESEA Pugs  Come watch me get mad 
goofplays - 2019-04-04 00h33m12s - DABBING IT UP ON THE PUGS TOE GANG
heartbreaker_tv - 2019-04-02 00h14m38s - ESEA Adv. - Thunder Logic vs. BBC - 4955 Sub Goal
codsky - 2019-04-07 00h23m14s - Stuffs
msxshots - 2019-04-01 21h55m40s - Games and Stuff  discord msxshots 
aesthetic1g - 2019-03-14 20h39m42s - chillin
cajiky - 2019-04-09 03h40m41s - Testicular Tuesdays   JustGAYMEN 3  cajiky GAME GIVEAWAY AND WATCHPARTY AFTER
zealyth_ - 2019-03-15 18h45m51s - The Finale  Zealyth
heartbreaker_tv - 2019-04-09 18h10m52s - Support me plz- 3855 Sub Goal
austingw - 2019-03-26 20h11m02s - I consider this entertainment.
abcdroid - 2019-03-25 00h50m26s - Just Trying To Turn a Hobby to a Full Time Job giveaway  Twitter DroidCOD
zijuu - 2019-04-02 20h19m19s - l o l  Sub Button 3 Prime sub me D
msxshots - 2019-03-18 00h02m24s - The Division2 getting to 30  Follow  msxshots 
average16 - 2019-03-21 16h43m42s - Playing Rainbow Six Siege Ranked. Y4 S1 HYPEEE
waveum - 2019-03-21 20h41m52s - ESEA Open Playoffs 2 Min Delay - Giveaway
ironman_ts - 2019-03-19 14h13m12s - Lets get it boys new update for apex ayyyyyyy lets get 25 subs today ironmancsgo
zijuu - 2019-04-09 16h06m05s - Hello
landmaz - 2019-03-16 00h10m39s -  Strong Esports 500 open qualifier tournament sponsored by GamerzArena.comPlayer for Holo eSports landmaz2010
landmaz - 2019-03-12 19h25m18s - 1000 STRONG ESPORTS APEX LEGENDS TOURNAMENT GAMERZARENAPlayer for Holo eSports landmaz2010
msxshots - 2019-03-16 17h06m37s - The Division 2 noob  Follow  msxshots 
aesthetic1g - 2019-03-13 01h37m59s - getting better 
xirttv - 2019-03-17 13h36m44s - Grinding Faceit pugs for level 10 XirtTv
landmaz - 2019-03-31 15h48m49s - A2A Apex TourneyPlayer for Holo eSports landmaz2010
deejayfu - 2019-03-18 02h20m26s - Im BACK Birthday week done
cjxy - 2019-03-19 13h30m39s - fresh out the cell block w cj
xdustee - 2019-03-16 00h24m06s - tournament bangaroo
lordnm - 2019-03-29 21h45m06s - Ranked Duos yea  CODE Lord 
slight___ - 2019-03-25 20h41m40s - mythic leauge journey
msxshots - 2019-03-29 21h52m06s - Friday Games and Stuff  discord msxshots 
tenz - 2019-03-14 00h24m39s - FPL - TenZera
clasia - 2019-03-19 15h46m03s - stream snipe if you want
zijuu - 2019-03-30 00h02m20s - Ranked on Smurf duo w bae  Sub Button 3 Prime sub me D
abcdroid - 2019-04-04 23h29m54s - Just Trying To Turn a Hobby to a Full Time Job giveaway  Twitter DroidCOD
phightme - 2019-03-27 00h34m57s - Having some fun with scav runs on Tarkov.
nzer0name - 2019-03-26 17h42m26s - The show must go on
zijuu - 2019-03-24 00h09m12s - leveling acct to 30  road to affiliate 
ec0nica - 2019-03-21 19h39m03s - please dont crash today  commands in bio - sliver.tv star
tyler_a_lot - 2019-04-01 21h42m58s - I dont know how to stream still no internet
snoob_ - 2019-03-17 00h17m57s - follow twitch.tvsnoob_
vzohhck - 2019-03-25 00h06m14s - Cyborg reporting for duty
abcdroid - 2019-04-08 18h58m51s - Just Trying To Turn a Hobby to a Full Time Job giveaway  Twitter DroidCOD
itrxgic - 2019-03-13 20h49m52s - Pugs rip nextlevelus
covertplague - 2019-03-17 06h28m14s - Guess were staying up. Just messing around.
passionite - 2019-03-26 00h02m13s - i got my 2nd flat tire in a week hows your day going so far
phightme - 2019-03-20 01h45m57s - First time doing Majoras Mask Randomizer
ec0nica - 2019-03-31 00h12m06s - eye of the beholder  SLIVER
abcdroid - 2019-04-05 00h07m09s - Just Trying To Turn a Hobby to a Full Time Job giveaway  Twitter DroidCOD
zfranks - 2019-03-17 15h13m18s - Chello
vzohhck - 2019-04-01 21h43m55s - 10 mans y0
itrxgic - 2019-04-02 21h22m08s - Smoking the 666  Come join
zealyth_ - 2019-03-18 02h24m56s - Easy Dubs  Zealyth
wholewheatpete - 2019-04-05 00h01m15s - video  Internet Back D Multi Multi Multi  Show me your AYAYA  sliver
lordnm - 2019-03-13 15h01m25s - low altitude.  Code Lord  twitter
nopecsnosekx - 2019-03-16 18h42m33s - Request the Shirtoff. Today I comply
cyanoodle - 2019-03-24 02h22m11s - The Apex Legend
nzer0name - 2019-03-23 14h04m25s - The show must go on
msxshots - 2019-03-23 00h24m41s - Division2 Game and stuff  discord msxshots 
passionite - 2019-03-12 14h01m34s - its my 16th birthday
snoob_ - 2019-03-16 23h35m40s - follow twitch.tvsnoob_
meagan - 2019-04-03 20h20m11s -   Day 2 BUILDING map mods  alskling1
humbabeast - 2019-04-08 00h05m11s - double up
amnesia_cs - 2019-04-02 22h47m54s - drawing for the fiends who want 20
wholewheatpete - 2019-04-09 01h10m22s - PLENG No Sleep Club  - NEW TOP PLAY HYPEEE - Multi Later  sliver
zijuu - 2019-03-23 07h32m28s - twitch jg to plat on alt  road to affiliate 
itrxgic - 2019-04-05 12h50m30s - Arena  Division 6  Almost at Champions league
slight___ - 2019-03-19 08h12m21s - faceit pugs are sad
austingw - 2019-04-01 20h27m27s - Im here to entertain
heartbreaker_tv - 2019-03-26 14h38m57s - HeartBreaker workout backarms - 5575 Sub Goal
waveum - 2019-03-26 21h01m57s - Open Playoffs Round 3 - Giveaway
zealyth_ - 2019-03-19 20h03m51s - First Hsel R6S Match  Zealyth
intry - 2019-03-25 21h19m03s - Faceit Grind
goofplays - 2019-04-07 00h00m39s - DABBING IT UP ON THE PUGS TOE GANG
1sparx - 2019-04-04 00h14m00s -  i got my braces off  uhhhsparx  1 Text to Speech 
jmoh - 2019-04-05 13h53m31s - Rank G EX MDL GODMOHS WYA
aesthetic1g - 2019-03-15 00h04m42s - chillin
drhippo - 2019-04-05 20h56m32s - ENG World Tier 5 day
fadedabeast - 2019-03-20 23h08m40s - GIVEAWAY AT 100 FOLLOWERS
covertplague - 2019-03-24 01h11m30s -  Just messing around.
deejayfu - 2019-04-09 00h01m49s - YEEEET TO MY WHEAT
heartbreaker_tv - 2019-03-23 18h54m47s - DH Quali eU vs. FURIA - 5475 Sub Goal
msxshots - 2019-04-05 22h43m45s - Friday night Games and Stuff  discord msxshots 
aesthetic1g - 2019-04-01 00h36m04s - HI
zealyth_ - 2019-04-08 20h26m43s - Ow Hsel Match  Zealyth
lordnm - 2019-04-09 19h27m26s - internet pls dont poop on me  CODE Lord 
mad3sto - 2019-03-29 04h17m27s - Testing
deejayfu - 2019-03-27 00h06m04s - Season 1 grind  DeeJayFu
vzohhck - 2019-03-19 20h19m20s - PRAC FOR THE LAN
abcdroid - 2019-03-30 00h44m03s - Just Trying To Turn a Hobby to a Full Time Job giveaway  Twitter DroidCOD
zealyth_ - 2019-03-21 22h36m16s - Easy Wop  Zealyth
mike_qq - 2019-03-26 18h18m09s - retake bladee simulator
mike_qq - 2019-04-07 18h02m36s - solo
ec0nica - 2019-03-18 19h56m08s - school is booboo
cajiky - 2019-03-30 14h43m38s - Sugondez Saturday  Warmup Pugz and other events 3  cajiky
nzer0name - 2019-04-09 19h49m54s - The show must go on
cyanoodle - 2019-03-17 23h10m01s - The Apex Legend
itrxgic - 2019-04-01 21h45m52s - Smoking the 666  Come join
ec0nica - 2019-04-09 00h15m26s - gods dont bleed  SLIVER
amnesia_cs - 2019-03-16 00h13m41s - Ruining a 3K PC build
msxshots - 2019-03-12 20h51m26s - CSGO   FACEIT  Follow  msxshots 
msxshots - 2019-03-24 21h27m10s - Division2 Game and stuff  discord msxshots 
goofplays - 2019-03-24 00h03m11s - Goof Plays bad game while hitting absolute yeets Toe Gang
mike_qq - 2019-04-06 14h58m25s - pugging with crazylegs
wholewheatpete - 2019-04-07 00h19m19s - PLENG MULTI YO
mike_qq - 2019-04-09 20h45m49s - left field downtempo trip hop
jmoh - 2019-04-06 15h21m34s - 
slight___ - 2019-03-16 18h29m44s - pugs sure are FUN 
heartbreaker_tv - 2019-03-12 18h59m33s - Sick stream - 4960 Sub Goal
mfxolddie - 2019-03-24 17h19m45s - I guess ill stream again
cajiky - 2019-03-18 03h04m07s - Drunk caj has stuff to say. 3 
austingw - 2019-03-15 18h17m40s - I consider this entertainment.
jmoh - 2019-03-14 00h23m02s - Rank G EX MDL made adv playoffs D
ec0nica - 2019-03-16 00h03m57s - the hero always shows up last
itrxgic - 2019-04-06 11h38m26s - Wakey Wakey eggs and bakey
jmoh - 2019-04-08 00h23m41s - Rank G FPL-C GODMOHS WYA
austingw - 2019-03-30 18h47m46s - Im actually playing minecraft..
average16 - 2019-03-22 16h56m31s - Playing Rainbow Six Siege Ranked. Road to Platinum. Burnt Horizon
vzohhck - 2019-04-02 00h13m57s - fun MM
vzohhck - 2019-04-04 00h07m52s - is it still a one tap if no one sees you miss the first few shots
xirttv - 2019-03-26 21h17m04s - IM Playoffs Dust2  Train  Mirage XirtTv
goofplays - 2019-03-31 18h10m46s - Goof Plays divison 2 while hitting dabs on the regular Toe Gang
msxshots - 2019-03-19 00h01m20s - CSGO 10 MANS and stuff   Follow  msxshots 
tyler_a_lot - 2019-03-21 10h55m35s - I finally got my car back
1sparx - 2019-04-07 00h51m08s - testing more stream settings  uhhhsparx  1 Text to Speech 
jmoh - 2019-03-26 17h06m20s - Rank G EX MDL Advanced GODMOH
qtemperr - 2019-03-16 00h21m08s - Rank 10 Faceit. FPL Grind. Lets  goooo
1sparx - 2019-03-13 00h18m41s - cs grind pt.1  uhhhsparx  1 Text to Speech 
tyler_a_lot - 2019-03-30 22h44m18s - This internet sucks sooooo
mike_qq - 2019-03-23 15h47m50s - Skyrimming I guess
lordnm - 2019-04-08 19h43m58s - lets go exploring in the jungle  CODE Lord 
mala - 2019-03-19 20h18m34s - APEX PRO 25K LEAGUE -- Twitter MalasMind 
cajiky - 2019-03-15 17h57m56s - Warmup and shiii b4 prac  cajiky on socials
zealyth_ - 2019-04-06 14h55m35s - Im bad pepehands  Zealyth
ec0nica - 2019-03-19 00h08m43s - school is booboo
fadedabeast - 2019-03-22 22h01m56s - GIVEAWAY AT 100 FOLLOWERS
1sparx - 2019-03-24 20h46m28s -  A GRIND cs grind pt.6  uhhhsparx  1 Text to Speech 
deejayfu - 2019-03-29 01h35m48s - The earth is flat
aesthetic1g - 2019-03-20 00h19m30s - ex-CSGO player playing APEX  LOW SENS  STR RES LOL
abcdroid - 2019-03-26 22h06m29s - Just Trying To Turn a Hobby to a Full Time Job giveaway  Twitter DroidCOD
heartbreaker_tv - 2019-04-08 20h13m40s - Denied partnership AMA - 4655 Sub Goal
jmoh - 2019-03-29 20h35m22s - Rank G EX MDL GODMOHS WYA
passionite - 2019-03-24 00h14m26s - youre great
fadedabeast - 2019-03-31 21h00m25s - GIVEAWAY AT 100 FOLLOWERS
professorbeetus - 2019-03-13 22h35m04s - when youre so bored that minecraft is fun
lumaaz - 2019-03-21 22h20m20s - LumAz-  PUGS VENECU
cyanoodle - 2019-03-30 12h54m08s - The Apex Legend
msxshots - 2019-03-30 00h11m45s - Friday Games and Stuff  discord msxshots 
wholewheatpete - 2019-04-06 21h15m09s - This Week In Osu 4 - Tips and Tricks Edition 
ec0nica - 2019-04-01 00h28m20s - last day for giveaway  SLIVER
nopecsnosekx - 2019-03-13 00h06m18s - Request the Shirtoff. Today I comply
mfxolddie - 2019-03-30 14h25m13s - not leaving my room today lol
landmaz - 2019-03-18 16h19m08s -  Strong Esports 500 open qualifier tournament sponsored by GamerzArena.comPlayer for Holo eSports landmaz2010
codsky - 2019-03-22 02h32m20s - Im not very creative
nopecsnosekx - 2019-03-12 23h12m50s - Request the Shirtoff. Today I comply
ec0nica - 2019-03-30 00h12m00s - how is your night going start a convo w me  SLIVER
j9shtv - 2019-04-06 06h26m05s - straight up im a BOT   night strem
tenz - 2019-03-15 22h37m18s - FPL - no school for 2 weeks D
nzer0name - 2019-03-30 12h16m17s - The show must go on
waveum - 2019-03-22 18h49m11s - Amd Community Night Grind  Faceit - Giveaway
zealyth_ - 2019-04-03 20h13m17s - Hsel Game  Zealyth
deejayfu - 2019-04-01 23h02m45s - Mondays arent so bad
1sparx - 2019-03-22 17h52m57s - cs grind pt.5  uhhhsparx  1 Text to Speech 
drhippo - 2019-03-17 17h33m03s - ENG UCSD vs KSU 1 minute delay
zijuu - 2019-04-03 00h35m17s - l o l  Sub Button 3 Prime sub me D
ec0nica - 2019-03-24 00h19m17s - replacement mouse  prom is today lol  commands in bio - SLIVER
wholewheatpete - 2019-04-04 23h08m35s - video  Internet Back D Multi Multi Multi  Show me your AYAYA  sliver
qtemperr - 2019-03-18 00h19m28s - Rank 10 Faceit. FPL Grind. Lets  goooo
1sparx - 2019-04-03 00h01m09s - big beanie gaming  uhhhsparx  1 Text to Speech 
aesthetic1g - 2019-03-17 00h08m34s - Apex getting better 
realsicko_tv - 2019-03-13 17h56m23s - ESEA RANK G GRIND
jmoh - 2019-03-22 19h33m00s - Rank G EX MDL Advanced GODMOH
xdustee - 2019-03-31 22h44m08s - what is this game  rip nipsey  Krypteia
zealyth_ - 2019-03-26 20h25m52s - Hsel Game  Zealyth
aesthetic1g - 2019-03-25 00h14m43s - pugggy
zealyth_ - 2019-04-02 20h27m21s - Hsel Game Zealyth
vzohhck - 2019-04-03 22h35m07s - is it still a one tap if no one sees you miss the first few shots
joelxyz - 2019-04-04 22h33m16s - Esea 
mala - 2019-03-20 00h09m33s - APEX PRO 25K LEAGUE -- Twitter MalasMind 
wholewheatpete - 2019-03-12 14h12m59s - tts  Shopping Cart Uber
nzer0name - 2019-04-06 13h35m08s - The show must go on
tenz - 2019-03-16 00h02m26s - FPL - no school for 2 weeks D
lordnm - 2019-04-06 11h24m26s - stretched res lol  CODE Lord 
zijuu - 2019-03-31 03h48m32s - getting mitchell plat  Sub Button 3 Prime sub me D
xdustee - 2019-04-02 00h13m20s - shaved my head D  mythic gold grinder  Krypteia
landmaz - 2019-04-07 23h27m02s - A2A Apex TourneyPlayer for Holo eSports landmaz2010
aesthetic1g - 2019-03-19 01h35m06s - Low sens apex player
slight___ - 2019-03-22 18h40m12s - faceit banging
itrxgic - 2019-03-21 22h03m01s - Hight STream  Freestylin
1perkyomg - 2019-04-06 13h54m15s - Grinding back to Mythic GoldESEA pugs
aesthetic1g - 2019-03-18 00h21m43s - pugs and maybe some apex
lordnm - 2019-03-19 00h35m08s - atlantis solos NEW VIDEO vid  Code Lord 
meagan - 2019-04-04 14h44m45s - soft voice lady  Day 3 BUILDING map mods  alskling1
zijuu - 2019-03-29 01h36m19s - Rust first time playing w friend  Sub Button 3 Prime sub me D
msxshots - 2019-04-06 00h20m09s - Friday night Games and Stuff  discord msxshots 
goofplays - 2019-04-06 00h19m08s - DABBING IT UP ON THE PUGS TOE GANG
malbsmdsaiyajin - 2019-03-15 19h14m03s - ENGESP  Free friday streammmmm
goofplays - 2019-03-23 00h15m16s - Goof Plays kz while hitting absolute yeets Toe Gang
ec0nica - 2019-03-26 00h03m49s - mk lets try this  commands in bio - SLIVER
aesthetic1g - 2019-04-06 02h32m00s - some apex
jmoh - 2019-04-07 00h31m05s - Rank G FPL-C GODMOHS WYA
mad3sto - 2019-04-03 05h13m34s - Stream is Fixed Pog -- NEW FFZ EMOTES --
zealyth_ - 2019-03-23 05h03m26s - Im bad at this game how do I ward  Zealyth
1perkyomg - 2019-04-05 00h12m39s - Grinding back to Mythic GoldESEA pugs
fadedabeast - 2019-03-17 23h18m44s - SEMI CSGO PRO PLAYER GIVEAWAY AT 100 FOLLOWERS
heartbreaker_tv - 2019-03-21 13h07m06s - DH Quali ex-3DMAX vs. clear - 5575 Sub Goal
tenz - 2019-03-26 01h33m11s - late night chill stream
abcdroid - 2019-03-12 01h54m12s - Just Trying To Turn a Hobby to a Full Time Job giveaway  Twitter DroidCOD
mala - 2019-03-25 20h23m46s - APEXPro LEAGUE   -- Twitter MalasMind 
mfxolddie - 2019-03-19 01h29m01s - trying this out. Lights out
j9shtv - 2019-03-31 21h02m27s - trying to get better  contender league 6
heartbreaker_tv - 2019-03-22 14h39m05s - DH Quali coL vs. SNG - 5575 Sub Goal
deejayfu - 2019-04-02 21h34m55s - New GLASSES o_0
wholewheatpete - 2019-03-15 20h18m41s - Birthday SHOT-A-THON  video  shot  goal 
nopecsnosekx - 2019-03-23 17h43m17s - Someone Sippin on DREAM JUICE
msxshots - 2019-03-27 00h27m02s - Late but Im here Games and Stuff  discord msxshots 
deejayfu - 2019-03-26 00h06m09s - Monday Madness  DeeJayFu
heartbreaker_tv - 2019-04-02 20h44m06s - Oceanic vs. slashLEVEL - ESEA Advanced playoffs - 4955 Sub Goal
amnesia_cs - 2019-03-15 23h21m08s - ESEA PUGS o_O
goofplays - 2019-04-05 20h45m32s - DABBING IT UP ON THE PUGS TOE GANG
msxshots - 2019-04-04 22h17m10s - CSGO Games and Stuff  discord msxshots 
humbabeast - 2019-04-04 01h07m40s - esea a
deejayfu - 2019-04-05 00h07m31s - Thirsty Thursday
snoob_ - 2019-03-22 01h03m06s - 10 mann
codsky - 2019-04-05 22h55m34s - Throwing Smokes
humbabeast - 2019-04-02 00h45m19s - let me know how bad i am  ESEA A
andrewemory1997 - 2019-03-18 23h03m41s - A ESEA grindpuggin
meagan - 2019-03-24 15h16m24s -  Coffee  WQ    Holy Paladin 402 
fadedabeast - 2019-03-30 06h53m34s - GIVEAWAY AT 100 FOLLOWERS
deejayfu - 2019-04-04 00h01m20s - HUMPDAY
frownnn - 2019-03-13 01h29m56s - Az 10  mans
msxshots - 2019-03-26 00h10m18s - Long day playing some games  discord msxshots 
1sparx - 2019-03-23 00h22m43s - cs grind pt.5 A GRIND  uhhhsparx  1 Text to Speech 
mad3sto - 2019-03-16 17h45m45s - Matchmaking Sux
aesthetic1g - 2019-04-08 01h12m37s - SUP
xdustee - 2019-04-03 00h42m44s - shaved my head D  mythic gold league   Krypteia
landmaz - 2019-03-23 18h38m54s - Strong Esports 500 open qualifier tournament sponsored by GamerzArena.comPlayer for Holo eSports landmaz2010
landmaz - 2019-03-14 00h13m16s - 1000 STRONG ESPORTS APEX LEGENDS TOURNAMENT GAMERZARENAPlayer for Holo eSports landmaz2010
vzohhck - 2019-03-24 21h29m12s - Cyborg reporting for duty
xdustee - 2019-03-13 19h05m58s - 10 mans and executes
msxshots - 2019-03-21 00h12m17s - Division2 game and stuff   discord msxshots 
mike_qq - 2019-03-18 16h26m58s - rockin and rollin
zealyth_ - 2019-03-29 21h11m50s - Ez Scrims  Zealyth
lordnm - 2019-03-21 13h21m23s - Gauntlet solos  CODE Lord 
itrxgic - 2019-03-22 00h21m11s - Hight STream  Freestylin
wholewheatpete - 2019-03-24 01h17m35s - Comfy Stream  UNBANNED FROM TWITCH  High Level Multi Later
msxshots - 2019-03-22 11h41m51s - Division2 Games and stuff  discord msxshots 
1perkyomg - 2019-03-30 15h55m17s - Grinding back to Mythic GoldESEA pugs
mfxolddie - 2019-03-31 00h07m23s - not leaving my room today lol
landmaz - 2019-03-15 21h17m22s -  Strong Esports 500 open qualifier tournament sponsored by GamerzArena.comPlayer for Holo eSports landmaz2010
mike_qq - 2019-03-24 00h17m40s - solo pugging crying
intry - 2019-03-24 01h43m31s - Poggies D
1perkyomg - 2019-04-04 18h46m56s - Grinding back to Mythic GoldESEA pugs
mad3sto - 2019-03-26 17h31m05s - MM before work
lordnm - 2019-03-24 16h03m15s - Blackheart solos 100k.  CODE Lord 
abcdroid - 2019-03-31 00h03m29s - Just Trying To Turn a Hobby to a Full Time Job giveaway  Twitter DroidCOD
ironman_ts - 2019-03-12 07h35m01s - LVL 100  just gaming  ironmancsgo
zijuu - 2019-03-25 00h12m58s - leveling alt to 30 then placements  road to affiliate 
passionite - 2019-03-19 17h00m12s - why am i the way i am qa
lumaaz - 2019-03-19 00h20m08s - LumAz-  PUGS Ecuatorianos 
itrxgic - 2019-03-31 22h03m59s - Smoking the 666  Come join
ec0nica - 2019-04-02 20h18m42s - bangarang  SLIVER
j9shtv - 2019-03-16 03h46m13s - spooky
heartbreaker_tv - 2019-04-01 20h28m01s - ESEA Adv. - Thunder Logic vs. BBC - 4955 Sub Goal
1perkyomg - 2019-03-21 18h37m57s - DM  ESEA A  Mythic  Pugs 
1sparx - 2019-04-05 00h14m52s - APEX WIT THE HOMIE  uhhhsparx  1 Text to Speech 
austingw - 2019-03-25 18h54m19s - I consider this entertainment.
joelxyz - 2019-04-08 18h43m05s - Esea 
fadedabeast - 2019-03-18 00h11m20s - GIVEAWAY AT 100 FOLLOWERS
vzohhck - 2019-03-21 20h44m18s - ESEA Open Playoff Match HoM vs Ghost Pops 3 min delay
waveum - 2019-03-24 21h45m26s - No Shirt  Playoff Practice - Giveaway
cyanoodle - 2019-03-21 09h13m56s - The Apex Legend streaming tonight
mike_qq - 2019-04-05 20h24m27s - RIP KURT COBAIN
drhippo - 2019-03-31 01h29m50s - ENG Blueprints or nah
royl_ty - 2019-03-23 21h25m58s - EzPZ Royl On Socials
msxshots - 2019-04-02 00h20m17s - Games and Stuff  discord msxshots 
austingw - 2019-03-14 19h20m06s - I consider this entertainment.
realsicko_tv - 2019-03-12 03h40m07s - ESEA RANK G GRIND
ec0nica - 2019-03-15 21h36m56s - the hero always shows up last
mike_qq - 2019-04-03 00h01m25s - 
slight___ - 2019-03-23 03h10m12s - bangin out pugs
jmoh - 2019-03-15 16h12m03s - Rank G EX MDL HALOCE CAMPAIGN ON LEGENDARY
malbsmdsaiyajin - 2019-03-29 17h30m56s - ENGESP  Hola Im an ESEA PUGGER  crosshair sens res cfg
itrxgic - 2019-03-16 00h16m05s - The Faceit Grind EZZ PZZZ Come join high stream later
passionite - 2019-03-15 00h10m17s - looking for white knight to mod and date 3
heartbreaker_tv - 2019-03-15 19h46m52s - Mountain Dew League FURIA vs. OGC - 5560 Sub Goal
lordnm - 2019-03-22 00h12m03s - Endgame Simulator  CODE Lord 
austingw - 2019-03-21 20h35m46s - I consider this entertainment.
passionite - 2019-03-25 20h15m53s - doing laundry
malbsmdsaiyajin - 2019-03-17 17h57m09s - ENGESP  We gaming 
austingw - 2019-03-18 19h38m34s - I consider this entertainment.
xdustee - 2019-03-20 19h19m01s - A ESEA Grinding for Rank G  Krypteia
lumaaz - 2019-03-26 23h44m34s - LumAz- ESEA PUGS VENECU
andrewemory1997 - 2019-04-01 19h09m03s - A ESEA grindpuggin
humbabeast - 2019-04-07 08h46m14s - 
cyanoodle - 2019-03-18 00h02m36s - The Apex Legend
nzer0name - 2019-04-05 12h36m05s - The show must go on
vzohhck - 2019-04-05 18h00m57s - MMmmmmmmmmmm
phightme - 2019-03-13 00h16m42s - First time doing Majoras Mask Randomizer
tenz - 2019-03-17 00h00m48s - FPL - no school for 2 weeks D
phightme - 2019-03-12 23h50m34s - First time doing Majoras Mask Randomizer
zealyth_ - 2019-03-24 02h39m35s - Friendly Matches  Zealyth
covertplague - 2019-03-13 21h18m24s - Roaming around a few hours before bed. Weekend will go hard.
tenz - 2019-03-27 00h03m16s - Angry Weeb Stream  deaths
joelxyz - 2019-03-23 00h00m06s - Esea 
xdustee - 2019-04-04 21h54m13s - shaved my head D  mythic gold league   Krypteia
abcdroid - 2019-03-22 18h43m46s - Just Trying To Turn a Hobby to a Full Time Job giveaway  Twitter DroidCOD
xdustee - 2019-03-21 17h45m07s - Chilling Today  Krypteia
itrxgic - 2019-03-15 16h26m42s - Faceit Grind Grind Grind
austingw - 2019-03-20 21h20m46s - I consider this entertainment.
goofplays - 2019-04-03 00h24m11s - DABBING IT UP ON THE PUGS TOE GANG
xdustee - 2019-03-25 19h07m55s - Tourney grindddd  Krypteia
landmaz - 2019-03-17 00h02m50s -  Strong Esports 500 open qualifier tournament sponsored by GamerzArena.comPlayer for Holo eSports landmaz2010
zijuu - 2019-04-07 00h01m42s - im so happy tsm won 3333333
zijuu - 2019-04-04 00h52m44s - bad player  Sub Button 3 Prime sub me D
msxshots - 2019-04-07 00h10m42s - Games and Stuff  discord msxshots 
1sparx - 2019-03-19 19h19m19s - cs grind pt.3  uhhhsparx  1 Text to Speech 
nzer0name - 2019-04-07 12h32m08s - The show must go on
lordnm - 2019-03-16 15h47m58s - 100k Cup w E11 BlooTea  Code Lord 
mad3sto - 2019-03-18 00h39m00s - Matchmaking Sux
passionite - 2019-03-16 00h05m29s - cock
malbsmdsaiyajin - 2019-03-23 16h43m03s - ENGESP  Pugging a bit  crosshair sens res cfg
mad3sto - 2019-03-25 20h56m54s - Testing
1sparx - 2019-04-06 00h06m57s - surfdmpugs    uhhhsparx  1 Text to Speech 
zijuu - 2019-03-21 16h28m13s - karthuskog jg to plat on alt
mfxolddie - 2019-04-08 00h09m59s - i guess im a league slave
zijuu - 2019-03-27 00h17m45s - Twitch JG otp on smurf xd  Sub Button 3 Prime sub me D
austingw - 2019-03-12 08h58m05s - positive vibes only 
qtemperr - 2019-03-15 00h30m20s - Rank 10 Faceit. FPL Grind. Come Learn   giveaway
waveum - 2019-03-12 21h16m01s - ESEA Scrims in a robe - Giveaway
goofplays - 2019-03-14 22h06m12s - Goof sucks toes while hitting absolute yeets
passionite - 2019-03-23 21h26m14s - i have a story to tell
slight___ - 2019-03-15 01h46m19s - pugging back to a 
mfxolddie - 2019-04-07 21h13m50s - i guess im a league slave
msxshots - 2019-03-20 00h04m05s - Division2 game and stuff   discord msxshots 
imskizzy - 2019-03-15 18h46m39s - SkiZzy  Sennheiser Affiliate  You are witnessing a master at work
heartbreaker_tv - 2019-03-13 19h11m58s - IM ON TIME - 5160 Sub Goal
nzer0name - 2019-03-31 15h30m51s - The show must go on
antyy_ - 2019-03-31 19h36m46s - dropping a million kills
itrxgic - 2019-03-17 22h51m53s - Hight STream  Freestylin
zijuu - 2019-03-19 00h29m11s - i survived pneumonia
deejayfu - 2019-03-20 00h01m51s - Season 1 is LIVE New character  opening packs
abcdroid - 2019-04-09 21h01m03s - Just Trying To Turn a Hobby to a Full Time Job giveaway  Twitter DroidCOD
aesthetic1g - 2019-03-30 01h01m38s - some apex then dota 2 l8r 
ec0nica - 2019-04-04 00h00m43s - you know the deal start a convo plz  SLIVER
deejayfu - 2019-03-21 01h25m20s - Long weeeeeek.... Late streams lets vibe
humbabeast - 2019-04-09 00h26m21s - 1
heartbreaker_tv - 2019-03-19 19h16m40s - MONDAY FUNDAY - 5875 Sub Goal
